// Jest Snapshot v1, https://goo.gl/fbAQLP

exports[`components/DefaultFab test DefaultFab component 1`] = `
<View
  style={
    Object {
      "alignItems": "center",
      "bottom": 16,
      "flexDirection": "column",
      "height": 56,
      "left": undefined,
      "position": "absolute",
      "right": 20,
      "top": undefined,
      "width": 56,
    }
  }
>
  <View
    accessible={true}
    focusable={true}
    onClick={[Function]}
    onResponderGrant={[Function]}
    onResponderMove={[Function]}
    onResponderRelease={[Function]}
    onResponderTerminate={[Function]}
    onResponderTerminationRequest={[Function]}
    onStartShouldSetResponder={[Function]}
    style={
      Object {
        "alignItems": "center",
        "backgroundColor": "#e0e0e0",
        "borderRadius": 28,
        "bottom": 0,
        "elevation": 4,
        "height": 56,
        "justifyContent": "center",
        "opacity": 1,
        "position": "absolute",
        "shadowColor": "#000",
        "shadowOffset": Object {
          "height": 2,
          "width": 0,
        },
        "shadowOpacity": 0.4,
        "shadowRadius": 2,
        "width": 56,
      }
    }
  >
    <Text
      allowFontScaling={false}
      style={
        Array [
          Object {
            "color": undefined,
            "fontSize": 12,
          },
          Array [
            Object {
              "color": "#000",
              "fontSize": 30,
            },
            Object {
              "color": "#000",
              "fontSize": 30,
            },
            Object {
              "color": "#818181",
              "fontSize": 20,
            },
            Object {
              "color": "#fff",
              "fontSize": 24,
              "lineHeight": 27,
            },
          ],
          Object {
            "fontFamily": "Material Design Icons",
            "fontStyle": "normal",
            "fontWeight": "normal",
          },
          Object {},
        ]
      }
      type="MaterialCommunityIcons"
    >
      Û∞êï
    </Text>
  </View>
</View>
`;
