// Jest Snapshot v1, https://goo.gl/fbAQLP

exports[`components/DefaultIconButton test DefaultIconButton component 1`] = `
<View
  accessibilityState={
    {
      "busy": undefined,
      "checked": undefined,
      "disabled": undefined,
      "expanded": undefined,
      "selected": undefined,
    }
  }
  accessibilityValue={
    {
      "max": undefined,
      "min": undefined,
      "now": undefined,
      "text": undefined,
    }
  }
  accessible={true}
  collapsable={false}
  focusable={false}
  forwardedRef={[Function]}
  onClick={[Function]}
  onResponderGrant={[Function]}
  onResponderMove={[Function]}
  onResponderRelease={[Function]}
  onResponderTerminate={[Function]}
  onResponderTerminationRequest={[Function]}
  onStartShouldSetResponder={[Function]}
  style={
    {
      "alignItems": "center",
      "alignSelf": "flex-start",
      "backgroundColor": "transparent",
      "borderBottomWidth": null,
      "borderColor": "#007aff",
      "borderLeftWidth": null,
      "borderRadius": 5,
      "borderRightWidth": null,
      "borderTopWidth": null,
      "borderWidth": undefined,
      "elevation": 0,
      "flexDirection": "row",
      "height": 45,
      "justifyContent": "space-between",
      "opacity": 1,
      "paddingBottom": 6,
      "paddingTop": 6,
      "shadowColor": null,
      "shadowOffset": null,
      "shadowOpacity": null,
      "shadowRadius": null,
    }
  }
>
  <Text
    allowFontScaling={false}
    style={
      [
        {
          "color": undefined,
          "fontSize": 12,
        },
        [
          {
            "color": "#000",
            "fontSize": 30,
          },
          {
            "color": "#007aff",
            "fontSize": 24,
            "marginLeft": 16,
            "marginRight": 16,
            "paddingTop": 2,
          },
          {
            "color": "#818181",
            "fontSize": 20,
          },
          undefined,
        ],
        {
          "fontFamily": "Material Design Icons",
          "fontStyle": "normal",
          "fontWeight": "normal",
        },
        {},
      ]
    }
    type="MaterialCommunityIcons"
  >
    Û∞êï
  </Text>
</View>
`;
