// Jest Snapshot v1, https://goo.gl/fbAQLP

exports[`components/DefaultFooter test DefaultFooter component 1`] = `
<View
  style={
    [
      {
        "alignItems": "center",
        "justifyContent": "center",
      },
      {
        "paddingBottom": 8,
        "paddingTop": 8,
      },
    ]
  }
>
  <Text
    style={
      [
        {
          "color": "#818181",
        },
        undefined,
        {
          "color": "#818181",
          "fontSize": 8,
        },
      ]
    }
  >
    OrangeHRM Open Source
     
    1.0.1
  </Text>
  <Text
    style={
      [
        {
          "color": "#818181",
        },
        undefined,
        {
          "color": "#818181",
          "fontSize": 8,
        },
      ]
    }
  >
    Â© 2005 - 
    2023
     
    OrangeHRM, Inc. 
    All Rights Reserved
    .
  </Text>
</View>
`;
