// Jest Snapshot v1, https://goo.gl/fbAQLP

exports[`components/StandardTextField test StandardTextField component 1`] = `
<View>
  <View
    accessible={true}
    focusable={false}
    forwardedRef={[Function]}
    onClick={[Function]}
    onResponderGrant={[Function]}
    onResponderMove={[Function]}
    onResponderRelease={[Function]}
    onResponderTerminate={[Function]}
    onResponderTerminationRequest={[Function]}
    onStartShouldSetResponder={[Function]}
    style={
      Object {
        "alignItems": "center",
        "backgroundColor": "transparent",
        "borderBottomWidth": 1,
        "borderColor": "#D9D5DC",
        "borderLeftWidth": 0,
        "borderRadius": undefined,
        "borderRightWidth": 0,
        "borderTopWidth": 0,
        "borderWidth": undefined,
        "flexDirection": "row-reverse",
        "marginLeft": 2,
        "opacity": 1,
      }
    }
  >
    <View
      style={
        Object {
          "left": 0,
          "opacity": 1,
          "paddingBottom": undefined,
          "paddingTop": undefined,
          "position": "absolute",
          "right": 0,
          "top": 18,
        }
      }
    >
      <Text
        style={
          Array [
            Object {
              "color": "#575757",
              "fontSize": 17,
              "paddingRight": 5,
              "paddingTop": 5,
            },
            undefined,
          ]
        }
      >
        <Text
          style={
            Array [
              Object {
                "fontSize": 17,
              },
              undefined,
            ]
          }
        >
          Test
        </Text>
      </Text>
    </View>
    <TextInput
      allowFontScaling={true}
      editable={true}
      onBlur={[Function]}
      onChangeText={[Function]}
      onFocus={[Function]}
      placeholder={null}
      placeholderTextColor="#575757"
      rejectResponderTermination={true}
      style={
        Object {
          "color": "#000",
          "flex": 1,
          "fontSize": 17,
          "height": 50,
          "paddingBottom": 7,
          "paddingLeft": 5,
          "paddingRight": 5,
          "paddingTop": 3,
          "top": 8,
        }
      }
      underlineColorAndroid="rgba(0,0,0,0)"
      value=""
    />
  </View>
</View>
`;

exports[`components/StandardTextField test StandardTextField component with helper text 1`] = `
<View>
  <View
    accessible={true}
    focusable={false}
    forwardedRef={[Function]}
    onClick={[Function]}
    onResponderGrant={[Function]}
    onResponderMove={[Function]}
    onResponderRelease={[Function]}
    onResponderTerminate={[Function]}
    onResponderTerminationRequest={[Function]}
    onStartShouldSetResponder={[Function]}
    style={
      Object {
        "alignItems": "center",
        "backgroundColor": "transparent",
        "borderBottomWidth": 1,
        "borderColor": "#D9D5DC",
        "borderLeftWidth": 0,
        "borderRadius": undefined,
        "borderRightWidth": 0,
        "borderTopWidth": 0,
        "borderWidth": undefined,
        "flexDirection": "row-reverse",
        "marginLeft": 2,
        "opacity": 1,
      }
    }
  >
    <View
      style={
        Object {
          "left": 0,
          "opacity": 1,
          "paddingBottom": undefined,
          "paddingTop": undefined,
          "position": "absolute",
          "right": 0,
          "top": 18,
        }
      }
    >
      <Text
        style={
          Array [
            Object {
              "color": "#575757",
              "fontSize": 17,
              "paddingRight": 5,
              "paddingTop": 5,
            },
            undefined,
          ]
        }
      >
        <Text
          style={
            Array [
              Object {
                "fontSize": 17,
              },
              undefined,
            ]
          }
        >
          Test
        </Text>
      </Text>
    </View>
    <TextInput
      allowFontScaling={true}
      editable={true}
      onBlur={[Function]}
      onChangeText={[Function]}
      onFocus={[Function]}
      placeholder={null}
      placeholderTextColor="#575757"
      rejectResponderTermination={true}
      style={
        Object {
          "color": "#000",
          "flex": 1,
          "fontSize": 17,
          "height": 50,
          "paddingBottom": 7,
          "paddingLeft": 5,
          "paddingRight": 5,
          "paddingTop": 3,
          "top": 8,
        }
      }
      underlineColorAndroid="rgba(0,0,0,0)"
      value=""
    />
  </View>
  <Text
    style={
      Array [
        Object {
          "color": "#818181",
        },
        undefined,
        Array [
          Object {
            "fontSize": 12,
          },
          undefined,
        ],
      ]
    }
  >
    Error
  </Text>
</View>
`;

exports[`components/StandardTextField test StandardTextField component with icon 1`] = `
<View>
  <View
    accessible={true}
    focusable={false}
    forwardedRef={[Function]}
    onClick={[Function]}
    onResponderGrant={[Function]}
    onResponderMove={[Function]}
    onResponderRelease={[Function]}
    onResponderTerminate={[Function]}
    onResponderTerminationRequest={[Function]}
    onStartShouldSetResponder={[Function]}
    style={
      Object {
        "alignItems": "center",
        "backgroundColor": "transparent",
        "borderBottomWidth": 1,
        "borderColor": "#D9D5DC",
        "borderLeftWidth": 0,
        "borderRadius": undefined,
        "borderRightWidth": 0,
        "borderTopWidth": 0,
        "borderWidth": undefined,
        "flexDirection": "row-reverse",
        "marginLeft": 2,
        "opacity": 1,
      }
    }
  >
    <View
      style={
        Object {
          "left": 0,
          "opacity": 1,
          "paddingBottom": undefined,
          "paddingTop": undefined,
          "position": "absolute",
          "right": 0,
          "top": 18,
        }
      }
    >
      <Text
        style={
          Array [
            Object {
              "color": "#575757",
              "fontSize": 17,
              "paddingRight": 5,
              "paddingTop": 5,
            },
            Object {
              "paddingLeft": 32,
            },
          ]
        }
      >
        <Text
          style={
            Array [
              Object {
                "fontSize": 17,
              },
              Object {
                "paddingLeft": 32,
              },
            ]
          }
        >
          Test
        </Text>
      </Text>
    </View>
    <TextInput
      allowFontScaling={true}
      editable={true}
      onBlur={[Function]}
      onChangeText={[Function]}
      onFocus={[Function]}
      placeholder={null}
      placeholderTextColor="#575757"
      rejectResponderTermination={true}
      style={
        Object {
          "color": "#000",
          "flex": 1,
          "fontSize": 17,
          "height": 50,
          "paddingBottom": 7,
          "paddingLeft": 5,
          "paddingRight": 5,
          "paddingTop": 3,
          "top": 8,
        }
      }
      underlineColorAndroid="rgba(0,0,0,0)"
    />
    <Text
      active={true}
      allowFontScaling={false}
      style={
        Array [
          Object {
            "color": undefined,
            "fontSize": 12,
          },
          Array [
            Object {
              "color": "#000",
              "fontSize": 30,
            },
            Object {
              "color": "#000",
              "fontSize": 24,
              "paddingRight": 8,
              "paddingTop": 8,
              "top": 6,
            },
            Object {
              "color": "#818181",
              "fontSize": 20,
            },
          ],
          Object {
            "fontFamily": "Material Design Icons",
            "fontStyle": "normal",
            "fontWeight": "normal",
          },
          Object {},
        ]
      }
      type="MaterialCommunityIcons"
    >
      Û∞êï
    </Text>
  </View>
</View>
`;
